fsl_clock.h:1042:20:CLOCK_ControlGate	32	static
fsl_clock.h:1059:20:CLOCK_EnableClock	16	static
fsl_iomuxc.h:1093:20:IOMUXC_SetPinMux	24	static
fsl_iomuxc.h:1125:20:IOMUXC_SetPinConfig	24	static
pin_mux.c:221:6:BOARD_InitBootPins	8	static
pin_mux.c:265:6:BOARD_InitPins	16	static
pin_mux.c:364:6:BOARD_InitDEBUG_UARTPins	16	static
pin_mux.c:449:6:BOARD_InitSDRAMPins	16	static
pin_mux.c:603:6:BOARD_InitCSIPins	16	static
pin_mux.c:709:6:BOARD_InitLCDPins	16	static
pin_mux.c:1004:6:BOARD_InitCANPins	16	static
pin_mux.c:1040:6:BOARD_InitENETPins	16	static
pin_mux.c:1096:6:BOARD_InitUSDHCPins	16	static
pin_mux.c:1146:6:BOARD_InitHyperFlashPins	16	static
