tusb_types.h:447:26:tu_edpt_dir	16	static
tusb_types.h:453:23:tu_edpt_number	16	static
tusb_types.h:458:23:tu_edpt_addr	16	static
tusb_common.h:109:24:tu_align	16	static
tusb_common.h:116:24:tu_align4k	16	static
tusb_common.h:144:24:tu_bit_test	16	static
core_cm7.h:1902:22:__NVIC_EnableIRQ	16	static
core_cm7.h:1940:22:__NVIC_DisableIRQ	16	static
dcd_transdimension.c:287:13:bus_reset	24	static
dcd_transdimension.c:325:6:dcd_init	40	static
dcd_transdimension.c:352:6:dcd_int_enable	16	static
dcd_transdimension.c:357:6:dcd_int_disable	16	static
dcd_transdimension.c:362:6:dcd_set_address	24	static
dcd_transdimension.c:371:6:dcd_remote_wakeup	16	static
dcd_transdimension.c:376:6:dcd_connect	24	static
dcd_transdimension.c:382:6:dcd_disconnect	24	static
dcd_transdimension.c:392:23:ep_idx2bit	16	static
dcd_transdimension.c:397:13:qtd_init	32	static
dcd_transdimension.c:418:6:dcd_edpt_stall	24	static
dcd_transdimension.c:427:6:dcd_edpt_clear_stall	24	static
dcd_transdimension.c:438:6:dcd_edpt_open	48	static
dcd_transdimension.c:467:6:dcd_edpt_xfer	64	static
dcd_transdimension.c:505:6:dcd_int_handler	88	static
