fsl_snvs_lp.h:323:20:SNVS_LP_SRTC_StartTimer	16	static
fsl_snvs_lp.h:336:20:SNVS_LP_SRTC_StopTimer	16	static
fsl_snvs_lp.c:93:13:SNVS_LP_CheckDatetimeFormat	40	static
fsl_snvs_lp.c:125:17:SNVS_LP_ConvertDatetimeToSeconds	56	static
fsl_snvs_lp.c:155:13:SNVS_LP_ConvertSecondsToDatetime	56	static
fsl_snvs_lp.c:242:6:SNVS_LP_Init	16	static
fsl_snvs_lp.c:260:6:SNVS_LP_Deinit	16	static
fsl_snvs_lp.c:277:6:SNVS_LP_SRTC_Init	24	static
fsl_snvs_lp.c:307:6:SNVS_LP_SRTC_Deinit	16	static
fsl_snvs_lp.c:328:6:SNVS_LP_SRTC_GetDefaultConfig	16	static
fsl_snvs_lp.c:339:17:SNVS_LP_SRTC_GetSeconds	24	static
fsl_snvs_lp.c:364:10:SNVS_LP_SRTC_SetDatetime	24	static
fsl_snvs_lp.c:401:6:SNVS_LP_SRTC_GetDatetime	16	static
fsl_snvs_lp.c:426:10:SNVS_LP_SRTC_SetAlarm	32	static
fsl_snvs_lp.c:470:6:SNVS_LP_SRTC_GetAlarm	24	static
fsl_snvs_lp.c:490:10:SNVS_LP_SRTC_GetStatusFlags	24	static
fsl_snvs_lp.c:510:10:SNVS_LP_SRTC_GetEnabledInterrupts	24	static
fsl_snvs_lp.c:529:6:SNVS_LP_EnableExternalTamper	16	static
fsl_snvs_lp.c:591:6:SNVS_LP_DisableExternalTamper	16	static
fsl_snvs_lp.c:641:34:SNVS_LP_GetExternalTamperStatus	24	static
fsl_snvs_lp.c:692:6:SNVS_LP_ClearExternalTamperStatus	16	static
fsl_snvs_lp.c:742:10:SNVS_LP_GetMonotonicCounter	32	static
fsl_snvs_lp.c:758:6:SNVS_LP_WriteZeroizableMasterKey	24	static
