core_cm7.h:1902:22:__NVIC_EnableIRQ	16	static
fsl_clock.h:1042:20:CLOCK_ControlGate	32	static
fsl_clock.h:1059:20:CLOCK_EnableClock	16	static
fsl_clock.h:1069:20:CLOCK_DisableClock	16	static
fsl_common.h:484:28:EnableIRQ	16	static
fsl_spdif.h:277:20:SPDIF_RxEnable	16	static
fsl_spdif.h:303:24:SPDIF_GetStatusFlag	16	static
fsl_spdif.h:319:20:SPDIF_ClearStatusFlags	16	static
fsl_spdif.h:343:20:SPDIF_EnableInterrupts	16	static
fsl_spdif.h:360:20:SPDIF_DisableInterrupts	16	static
fsl_spdif.h:490:20:SPDIF_WriteLeftData	16	static
fsl_spdif.h:501:20:SPDIF_WriteRightData	16	static
fsl_spdif.h:545:24:SPDIF_ReadLeftData	16	static
fsl_spdif.h:556:24:SPDIF_ReadRightData	16	static
fsl_spdif.h:589:24:SPDIF_ReadQChannel	16	static
fsl_spdif.h:600:24:SPDIF_ReadUChannel	16	static
fsl_spdif.c:58:10:SPDIF_GetInstance	24	static
fsl_spdif.c:90:6:SPDIF_Init	24	static
fsl_spdif.c:129:6:SPDIF_Deinit	16	static
fsl_spdif.c:152:6:SPDIF_GetDefaultConfig	16	static
fsl_spdif.c:175:6:SPDIF_TxEnable	24	static
fsl_spdif.c:205:6:SPDIF_TxSetSampleRate	40	static
fsl_spdif.c:252:10:SPDIF_GetRxSampleRate	48	static
fsl_spdif.c:282:6:SPDIF_WriteBlocking	40	static
fsl_spdif.c:326:6:SPDIF_ReadBlocking	40	static
fsl_spdif.c:371:6:SPDIF_TransferTxCreateHandle	24	static
fsl_spdif.c:406:6:SPDIF_TransferRxCreateHandle	24	static
fsl_spdif.c:445:10:SPDIF_TransferSendNonBlocking	24	static
fsl_spdif.c:488:10:SPDIF_TransferReceiveNonBlocking	24	static
fsl_spdif.c:529:10:SPDIF_TransferGetSendCount	32	static
fsl_spdif.c:557:10:SPDIF_TransferGetReceiveCount	32	static
fsl_spdif.c:585:6:SPDIF_TransferAbortSend	16	static
fsl_spdif.c:609:6:SPDIF_TransferAbortReceive	16	static
fsl_spdif.c:632:6:SPDIF_TransferTxHandleIRQ	48	static
fsl_spdif.c:695:6:SPDIF_TransferRxHandleIRQ	48	static
fsl_spdif.c:815:6:SPDIF_DriverIRQHandler	8	static
