tusb_types.h:447:26:tu_edpt_dir	16	static
tusb_common.h:100:24:tu_min16	16	static
usbd_control.c:66:20:_status_stage_xact	24	static
usbd_control.c:79:6:tud_control_status	16	static
usbd_control.c:92:13:_data_stage_xact	24	static
usbd_control.c:111:6:tud_control_xfer	40	static
usbd_control.c:143:6:usbd_control_reset	8	static
usbd_control.c:149:6:usbd_control_set_complete_callback	16	static
usbd_control.c:155:6:usbd_control_set_request	16	static
usbd_control.c:166:6:usbd_control_xfer_cb	32	static
