tusb_types.h:447:26:tu_edpt_dir	16	static
tusb_types.h:453:23:tu_edpt_number	16	static
tusb_types.h:466:31:tu_desc_next	24	static
tusb_types.h:472:23:tu_desc_type	16	static
tusb_types.h:477:23:tu_desc_len	16	static
tusb_common.h:95:23:tu_u16_high	16	static
tusb_common.h:96:23:tu_u16_low	16	static
osal_freertos.h:132:28:osal_queue_create	32	static
osal_freertos.h:137:20:osal_queue_receive	16	static
osal_freertos.h:142:20:osal_queue_send	32	static
osal_freertos.h:163:20:osal_queue_empty	16	static
usbd.c:214:43:get_driver	16	static
usbd.c:308:14:tud_speed_get	4	static
usbd.c:313:6:tud_mounted	4	static
usbd.c:318:6:tud_suspended	4	static
usbd.c:323:6:tud_remote_wakeup	8	static
usbd.c:331:6:tud_disconnect	8	static
usbd.c:338:6:tud_connect	8	static
usbd.c:348:6:tud_init	24	static
usbd.c:379:13:usbd_reset	24	static
usbd.c:394:6:tud_task_event_ready	8	static
usbd.c:420:6:tud_task	48	static
usbd.c:533:13:invoke_class_control	24	static
usbd.c:542:13:process_control_request	80	static
usbd.c:751:13:process_set_config	80	static
usbd.c:829:13:mark_interface_endpoint	40	static
usbd.c:848:13:process_get_descriptor	56	static
usbd.c:951:6:dcd_event_handler	16	static
usbd.c:993:6:dcd_event_bus_signal	32	static
usbd.c:999:6:dcd_event_bus_reset	32	static
usbd.c:1006:6:dcd_event_setup_received	32	static
usbd.c:1014:6:dcd_event_xfer_complete	32	static
usbd.c:1030:6:usbd_open_edpt_pair	32	static
usbd.c:1054:6:usbd_defer_func	40	static
usbd.c:1072:6:usbd_edpt_open	16	static
usbd.c:1079:6:usbd_edpt_xfer	24	static
usbd.c:1103:6:usbd_edpt_busy	24	static
usbd.c:1113:6:usbd_edpt_stall	24	static
usbd.c:1123:6:usbd_edpt_clear_stall	24	static
usbd.c:1133:6:usbd_edpt_stalled	24	static
usbd.c:1149:6:usbd_edpt_close	24	static
