usb_host_audio.c:62:14:USB_HostAudioInit	32	static
usb_host_audio.c:97:14:USB_HostAudioDeinit	24	static
usb_host_audio.c:171:13:_USB_HostAudioStreamIsoInPipeCallback	40	static
usb_host_audio.c:190:13:_USB_HostAudioStreamIsoOutPipeCallback	40	static
usb_host_audio.c:209:13:_USB_HostAudioControlCallback	40	static
usb_host_audio.c:241:21:_USB_HostAudioControl	24	static
usb_host_audio.c:294:21:_USB_HostAudioInitEndpoint	40	static
usb_host_audio.c:334:21:_USB_HostAudioOpenInterface	32	static
usb_host_audio.c:412:13:_USB_HostAudioSetInterfaceCallback	40	static
usb_host_audio.c:451:14:USB_HostAudioStreamSetInterface	72	static
usb_host_audio.c:665:14:USB_HostAudioControlSetInterface	72	static
usb_host_audio.c:802:10:USB_HostAudioPacketSize	24	static
usb_host_audio.c:841:14:USB_HostAudioStreamRecv	32	static
usb_host_audio.c:903:14:USB_HostAudioStreamSend	32	static
usb_host_audio.c:961:14:USB_HostAudioControlGetCurrentAltsettingSpecificDescriptors	40	static
usb_host_audio.c:1023:14:USB_HostAudioStreamGetCurrentAltsettingSpecificDescriptors	40	static
usb_host_audio.c:1119:14:USB_HostAudioStreamGetCurrentAltsettingDescriptors	32	static
usb_host_audio.c:1157:14:USB_HostAudioGetSetFeatureUnitRequest	72	static
usb_host_audio.c:1340:14:USB_HostAudioGetSetClockSourceRequest	80	static
usb_host_audio.c:1462:14:USB_HostAudioFeatureUnitRequest	80	static
usb_host_audio.c:1538:14:USB_HostAudioGetSetEndpointRequest	72	static
usb_host_audio.c:1677:14:USB_HostAudioEndpointRequest	72	static
usb_host_audio.c:1739:14:USB_HostAudioSetStreamOutDataInterval	40	static
