tusb_types.h:466:31:tu_desc_next	24	static
tusb_types.h:472:23:tu_desc_type	16	static
tusb_types.h:477:23:tu_desc_len	16	static
tusb_common.h:123:20:tu_within	24	static
tusb_common.h:144:24:tu_bit_test	16	static
usbd.h:68:20:tud_ready	8	static
osal_freertos.h:97:28:osal_mutex_create	16	static
tusb_fifo.h:83:20:tu_fifo_config_mutex	16	static
tusb_fifo.h:112:24:tu_fifo_count	16	static
tusb_fifo.h:117:24:tu_fifo_remaining	16	static
cdc_device.c:76:13:_prep_out_transaction	24	static
cdc_device.c:94:6:tud_cdc_n_connected	16	static
cdc_device.c:100:9:tud_cdc_n_get_line_state	16	static
cdc_device.c:105:6:tud_cdc_n_get_line_coding	16	static
cdc_device.c:110:6:tud_cdc_n_set_wanted_char	16	static
cdc_device.c:119:10:tud_cdc_n_available	16	static
cdc_device.c:124:10:tud_cdc_n_read	32	static
cdc_device.c:131:6:tud_cdc_n_peek	24	static
cdc_device.c:136:6:tud_cdc_n_read_flush	16	static
cdc_device.c:145:10:tud_cdc_n_write	32	static
cdc_device.c:160:10:tud_cdc_n_write_flush	32	static
cdc_device.c:177:10:tud_cdc_n_write_available	16	static
cdc_device.c:186:6:cdcd_init	32	static
cdc_device.c:213:6:cdcd_reset	24	static
cdc_device.c:225:10:cdcd_open	48	static
cdc_device.c:293:6:cdcd_control_complete	24	static
cdc_device.c:322:6:cdcd_control_request	32	static
cdc_device.c:377:6:cdcd_xfer_cb	32	static
